// Jest Snapshot v1, https://goo.gl/fbAQLP

exports[`should render expense list item correctly 1`] = `
<Link
  className="list-item"
  replace={false}
  to="/edit/2"
>
  <div>
    <h3
      className="list-item__title"
    >
      Groceries
    </h3>
    <span
      className="list-item__sub-title"
    >
      December 27th, 1969
    </span>
  </div>
  <div>
    <h3
      className="list-item__title"
    >
      $100.00
    </h3>
  </div>
</Link>
`;
