// Jest Snapshot v1, https://goo.gl/fbAQLP

exports[`should render header correctly 1`] = `
<header
  className="header"
>
  <div
    className="content-container"
  >
    <div
      className="header__content"
    >
      <Link
        className="header__title"
        replace={false}
        to="/dashboard"
      >
        <img
          height="50"
          src="/images/expensify-logo.png"
          width="380"
        />
      </Link>
      <button
        className="header__button"
        onClick={[Function]}
      >
        Logout
      </button>
    </div>
  </div>
</header>
`;
