// Jest Snapshot v1, https://goo.gl/fbAQLP

exports[`should render login page correctly 1`] = `
<div>
  <h1>
    Expensify - Track your daily expenses
  </h1>
  <button>
    Login
  </button>
</div>
`;
